
> @zamp-platform/ui@0.0.0 build-storybook
> storybook build --output-dir=/tmp/chromatic--531114-CJdWzCxvj91D


[90m┌[39m  Building storybook v10.1.11
[90m│[39m
[32m◇[39m  Cleaning outputDir:
[90m│[39m  [36m../../../../../../../tmp/chromatic--531114-CJdWzCxvj91D[39m
[90m│[39m
[32m◇[39m  Loading presets
[90m│[39m
[32m◇[39m  Building manager..
[90m│[39m
[34m●[39m  Building preview..
[90m│[39m  [43mVite[49m [36mvite v6.4.1 [32mbuilding for production...[36m[39m
[90m│[39m  [43mVite[49m transforming...
[90m│[39m
[33m▲[39m  [43mVite[49m [33msrc/components/ui/checkbox.tsx (1:0): Error when using sourcemap[39m
[90m│[39m  [33mfor reporting an error: Can't resolve original location of error.[39m
[90m│[39m
[33m▲[39m  [43mVite[49m [33msrc/components/ui/checkbox.tsx (1:0): Module level directives[39m
[90m│[39m  [33mcause errors when bundled, "use client" in[39m
[90m│[39m  [33m"src/components/ui/checkbox.tsx" was ignored.[39m
[90m│[39m
[33m▲[39m  [43mVite[49m [33msrc/components/ui/accordion.tsx (1:0): Error when using sourcemap[39m
[90m│[39m  [33mfor reporting an error: Can't resolve original location of error.[39m
[90m│[39m
[33m▲[39m  [43mVite[49m [33msrc/components/ui/accordion.tsx (1:0): Module level directives[39m
[90m│[39m  [33mcause errors when bundled, "use client" in[39m
[90m│[39m  [33m"src/components/ui/accordion.tsx" was ignored.[39m
[90m│[39m
[33m▲[39m  [43mVite[49m [33msrc/components/ui/arrow-down.tsx (1:0): Error when using[39m
[90m│[39m  [33msourcemap for reporting an error: Can't resolve original location of[39m
[90m│[39m  [33merror.[39m
[90m│[39m
[33m▲[39m  [43mVite[49m [33msrc/components/ui/arrow-down.tsx (1:0): Module level directives[39m
[90m│[39m  [33mcause errors when bundled, "use client" in[39m
[90m│[39m  [33m"src/components/ui/arrow-down.tsx" was ignored.[39m
[90m│[39m
[33m▲[39m  [43mVite[49m [33msrc/components/ui/button.tsx (1:0): Error when using sourcemap[39m
[90m│[39m  [33mfor reporting an error: Can't resolve original location of error.[39m
[90m│[39m
[33m▲[39m  [43mVite[49m [33msrc/components/ui/button.tsx (1:0): Module level directives cause[39m
[90m│[39m  [33merrors when bundled, "use client" in "src/components/ui/button.tsx"[39m
[90m│[39m  [33mwas ignored.[39m
[90m│[39m
[33m▲[39m  [43mVite[49m [33msrc/components/ui/resizable.tsx (1:0): Error when using sourcemap[39m
[90m│[39m  [33mfor reporting an error: Can't resolve original location of error.[39m
[90m│[39m
[33m▲[39m  [43mVite[49m [33msrc/components/ui/resizable.tsx (1:0): Module level directives[39m
[90m│[39m  [33mcause errors when bundled, "use client" in[39m
[90m│[39m  [33m"src/components/ui/resizable.tsx" was ignored.[39m
[90m│[39m
[33m▲[39m  [43mVite[49m [33msrc/components/ui/command.tsx (1:0): Error when using sourcemap[39m
[90m│[39m  [33mfor reporting an error: Can't resolve original location of error.[39m
[90m│[39m
[33m▲[39m  [43mVite[49m [33msrc/components/ui/command.tsx (1:0): Module level directives[39m
[90m│[39m  [33mcause errors when bundled, "use client" in[39m
[90m│[39m  [33m"src/components/ui/command.tsx" was ignored.[39m
[90m│[39m
[33m▲[39m  [43mVite[49m [33msrc/components/ui/select-button.tsx (1:0): Error when using[39m
[90m│[39m  [33msourcemap for reporting an error: Can't resolve original location of[39m
[90m│[39m  [33merror.[39m
[90m│[39m
[33m▲[39m  [43mVite[49m [33msrc/components/ui/select-button.tsx (1:0): Module level[39m
[90m│[39m  [33mdirectives cause errors when bundled, "use client" in[39m
[90m│[39m  [33m"src/components/ui/select-button.tsx" was ignored.[39m
[90m│[39m
[33m▲[39m  [43mVite[49m [33msrc/components/ui/sheet.tsx (1:0): Error when using sourcemap for[39m
[90m│[39m  [33mreporting an error: Can't resolve original location of error.[39m
[90m│[39m
[33m▲[39m  [43mVite[49m [33msrc/components/ui/sheet.tsx (1:0): Module level directives cause[39m
[90m│[39m  [33merrors when bundled, "use client" in "src/components/ui/sheet.tsx" was[39m
[90m│[39m  [33mignored.[39m
[90m│[39m
[33m▲[39m  [43mVite[49m [33msrc/components/ui/popover.tsx (1:0): Error when using sourcemap[39m
[90m│[39m  [33mfor reporting an error: Can't resolve original location of error.[39m
[90m│[39m
[33m▲[39m  [43mVite[49m [33msrc/components/ui/popover.tsx (1:0): Module level directives[39m
[90m│[39m  [33mcause errors when bundled, "use client" in[39m
[90m│[39m  [33m"src/components/ui/popover.tsx" was ignored.[39m
[90m│[39m
[33m▲[39m  [43mVite[49m [33msrc/components/ui/dialog.tsx (1:0): Error when using sourcemap[39m
[90m│[39m  [33mfor reporting an error: Can't resolve original location of error.[39m
[90m│[39m
[33m▲[39m  [43mVite[49m [33msrc/components/ui/dialog.tsx (1:0): Module level directives cause[39m
[90m│[39m  [33merrors when bundled, "use client" in "src/components/ui/dialog.tsx"[39m
[90m│[39m  [33mwas ignored.[39m
[90m│[39m
[33m▲[39m  [43mVite[49m [33msrc/components/ui/toast.tsx (1:0): Error when using sourcemap for[39m
[90m│[39m  [33mreporting an error: Can't resolve original location of error.[39m
[90m│[39m
[33m▲[39m  [43mVite[49m [33msrc/components/ui/toast.tsx (1:0): Module level directives cause[39m
[90m│[39m  [33merrors when bundled, "use client" in "src/components/ui/toast.tsx" was[39m
[90m│[39m  [33mignored.[39m
[90m│[39m
[33m▲[39m  [43mVite[49m [33msrc/components/ui/radio.tsx (1:0): Error when using sourcemap for[39m
[90m│[39m  [33mreporting an error: Can't resolve original location of error.[39m
[90m│[39m
[33m▲[39m  [43mVite[49m [33msrc/components/ui/radio.tsx (1:0): Module level directives cause[39m
[90m│[39m  [33merrors when bundled, "use client" in "src/components/ui/radio.tsx" was[39m
[90m│[39m  [33mignored.[39m
[90m│[39m
[33m▲[39m  [43mVite[49m [33msrc/components/ui/email-input-to-chips.tsx (1:0): Error when[39m
[90m│[39m  [33musing sourcemap for reporting an error: Can't resolve original[39m
[90m│[39m  [33mlocation of error.[39m
[90m│[39m
[33m▲[39m  [43mVite[49m [33msrc/components/ui/email-input-to-chips.tsx (1:0): Module level[39m
[90m│[39m  [33mdirectives cause errors when bundled, "use client" in[39m
[90m│[39m  [33m"src/components/ui/email-input-to-chips.tsx" was ignored.[39m
[90m│[39m
[33m▲[39m  [43mVite[49m [33msrc/components/ui/select.tsx (1:0): Error when using sourcemap[39m
[90m│[39m  [33mfor reporting an error: Can't resolve original location of error.[39m
[90m│[39m
[33m▲[39m  [43mVite[49m [33msrc/components/ui/select.tsx (1:0): Module level directives cause[39m
[90m│[39m  [33merrors when bundled, "use client" in "src/components/ui/select.tsx"[39m
[90m│[39m  [33mwas ignored.[39m
[90m│[39m
[33m▲[39m  [43mVite[49m [33m../../node_modules/@radix-ui/react-checkbox/dist/index.mjs (1:0):[39m
[90m│[39m  [33mModule level directives cause errors when bundled, "use client" in[39m
[90m│[39m  [33m"../../node_modules/@radix-ui/react-checkbox/dist/index.mjs" was[39m
[90m│[39m  [33mignored.[39m
[90m│[39m
[33m▲[39m  [43mVite[49m [33m../../node_modules/@radix-ui/react-label/dist/index.mjs (1:0):[39m
[90m│[39m  [33mModule level directives cause errors when bundled, "use client" in[39m
[90m│[39m  [33m"../../node_modules/@radix-ui/react-label/dist/index.mjs" was ignored.[39m
[90m│[39m
[33m▲[39m  [43mVite[49m [33m../../node_modules/@radix-ui/react-accordion/dist/index.mjs[39m
[90m│[39m  [33m(1:0): Module level directives cause errors when bundled, "use client"[39m
[90m│[39m  [33min "../../node_modules/@radix-ui/react-accordion/dist/index.mjs" was[39m
[90m│[39m  [33mignored.[39m
[90m│[39m
[33m▲[39m  [43mVite[49m [33m../../node_modules/@radix-ui/react-switch/dist/index.mjs (1:0):[39m
[90m│[39m  [33mModule level directives cause errors when bundled, "use client" in[39m
[90m│[39m  [33m"../../node_modules/@radix-ui/react-switch/dist/index.mjs" was[39m
[90m│[39m  [33mignored.[39m
[90m│[39m
[33m▲[39m  [43mVite[49m [33m../../node_modules/@radix-ui/react-dropdown-menu/dist/index.mjs[39m
[90m│[39m  [33m(1:0): Module level directives cause errors when bundled, "use client"[39m
[90m│[39m  [33min "../../node_modules/@radix-ui/react-dropdown-menu/dist/index.mjs"[39m
[90m│[39m  [33mwas ignored.[39m
[90m│[39m
[33m▲[39m  [43mVite[49m [33m../../node_modules/cmdk/dist/index.mjs (1:0): Module level[39m
[90m│[39m  [33mdirectives cause errors when bundled, "use client" in[39m
[90m│[39m  [33m"../../node_modules/cmdk/dist/index.mjs" was ignored.[39m
[90m│[39m
[33m▲[39m  [43mVite[49m [33m../../node_modules/@radix-ui/react-dialog/dist/index.mjs (1:0):[39m
[90m│[39m  [33mModule level directives cause errors when bundled, "use client" in[39m
[90m│[39m  [33m"../../node_modules/@radix-ui/react-dialog/dist/index.mjs" was[39m
[90m│[39m  [33mignored.[39m
[90m│[39m
[33m▲[39m  [43mVite[49m [33m../../node_modules/@radix-ui/react-popover/dist/index.mjs (1:0):[39m
[90m│[39m  [33mModule level directives cause errors when bundled, "use client" in[39m
[90m│[39m  [33m"../../node_modules/@radix-ui/react-popover/dist/index.mjs" was[39m
[90m│[39m  [33mignored.[39m
[90m│[39m
[33m▲[39m  [43mVite[49m [33msrc/components/assets/SvgSpriteLoader/index.tsx (1:0): Error when[39m
[90m│[39m  [33musing sourcemap for reporting an error: Can't resolve original[39m
[90m│[39m  [33mlocation of error.[39m
[90m│[39m
[33m▲[39m  [43mVite[49m [33msrc/components/assets/SvgSpriteLoader/index.tsx (1:0): Module[39m
[90m│[39m  [33mlevel directives cause errors when bundled, "use client" in[39m
[90m│[39m  [33m"src/components/assets/SvgSpriteLoader/index.tsx" was ignored.[39m
[90m│[39m
[33m▲[39m  [43mVite[49m [33msrc/components/animations/RevealElement.tsx (1:0): Error when[39m
[90m│[39m  [33musing sourcemap for reporting an error: Can't resolve original[39m
[90m│[39m  [33mlocation of error.[39m
[90m│[39m
[33m▲[39m  [43mVite[49m [33msrc/components/animations/RevealElement.tsx (1:0): Module level[39m
[90m│[39m  [33mdirectives cause errors when bundled, "use client" in[39m
[90m│[39m  [33m"src/components/animations/RevealElement.tsx" was ignored.[39m
[90m│[39m
[33m▲[39m  [43mVite[49m [33msrc/components/animations/StaggerText.tsx (1:0): Error when using[39m
[90m│[39m  [33msourcemap for reporting an error: Can't resolve original location of[39m
[90m│[39m  [33merror.[39m
[90m│[39m
[33m▲[39m  [43mVite[49m [33msrc/components/animations/StaggerText.tsx (1:0): Module level[39m
[90m│[39m  [33mdirectives cause errors when bundled, "use client" in[39m
[90m│[39m  [33m"src/components/animations/StaggerText.tsx" was ignored.[39m
[90m│[39m
[33m▲[39m  [43mVite[49m [33msrc/components/animations/ShimmerText.tsx (1:0): Error when using[39m
[90m│[39m  [33msourcemap for reporting an error: Can't resolve original location of[39m
[90m│[39m  [33merror.[39m
[90m│[39m
[33m▲[39m  [43mVite[49m [33msrc/components/animations/ShimmerText.tsx (1:0): Module level[39m
[90m│[39m  [33mdirectives cause errors when bundled, "use client" in[39m
[90m│[39m  [33m"src/components/animations/ShimmerText.tsx" was ignored.[39m
[90m│[39m
[33m▲[39m  [43mVite[49m [33m../../node_modules/@radix-ui/react-tabs/dist/index.mjs (1:0):[39m
[90m│[39m  [33mModule level directives cause errors when bundled, "use client" in[39m
[90m│[39m  [33m"../../node_modules/@radix-ui/react-tabs/dist/index.mjs" was ignored.[39m
[90m│[39m
[33m▲[39m  [43mVite[49m [33m../../node_modules/@radix-ui/react-radio-group/dist/index.mjs[39m
[90m│[39m  [33m(1:0): Module level directives cause errors when bundled, "use client"[39m
[90m│[39m  [33min "../../node_modules/@radix-ui/react-radio-group/dist/index.mjs" was[39m
[90m│[39m  [33mignored.[39m
[90m│[39m
[33m▲[39m  [43mVite[49m [33m../../node_modules/@radix-ui/react-tooltip/dist/index.mjs (1:0):[39m
[90m│[39m  [33mModule level directives cause errors when bundled, "use client" in[39m
[90m│[39m  [33m"../../node_modules/@radix-ui/react-tooltip/dist/index.mjs" was[39m
[90m│[39m  [33mignored.[39m
[90m│[39m
[33m▲[39m  [43mVite[49m [33m../../node_modules/sonner/dist/index.mjs (1:0): Module level[39m
[90m│[39m  [33mdirectives cause errors when bundled, "use client" in[39m
[90m│[39m  [33m"../../node_modules/sonner/dist/index.mjs" was ignored.[39m
[90m│[39m
[33m▲[39m  [43mVite[49m [33m../../node_modules/@radix-ui/react-presence/dist/index.mjs (1:0):[39m
[90m│[39m  [33mModule level directives cause errors when bundled, "use client" in[39m
[90m│[39m  [33m"../../node_modules/@radix-ui/react-presence/dist/index.mjs" was[39m
[90m│[39m  [33mignored.[39m
[90m│[39m
[33m▲[39m  [43mVite[49m [33m../../node_modules/@radix-ui/react-collapsible/dist/index.mjs[39m
[90m│[39m  [33m(1:0): Module level directives cause errors when bundled, "use client"[39m
[90m│[39m  [33min "../../node_modules/@radix-ui/react-collapsible/dist/index.mjs" was[39m
[90m│[39m  [33mignored.[39m
[90m│[39m
[33m▲[39m  [43mVite[49m [33m../../node_modules/@radix-ui/react-collection/dist/index.mjs[39m
[90m│[39m  [33m(1:0): Module level directives cause errors when bundled, "use client"[39m
[90m│[39m  [33min "../../node_modules/@radix-ui/react-collection/dist/index.mjs" was[39m
[90m│[39m  [33mignored.[39m
[90m│[39m
[33m▲[39m  [43mVite[49m [33m../../node_modules/@radix-ui/react-menu/dist/index.mjs (1:0):[39m
[90m│[39m  [33mModule level directives cause errors when bundled, "use client" in[39m
[90m│[39m  [33m"../../node_modules/@radix-ui/react-menu/dist/index.mjs" was ignored.[39m
[90m│[39m
[33m▲[39m  [43mVite[49m
[90m│[39m  [33m../../node_modules/@radix-ui/react-dismissable-layer/dist/index.mjs[39m
[90m│[39m  [33m(1:0): Module level directives cause errors when bundled, "use client"[39m
[90m│[39m  [33min[39m
[90m│[39m  [33m"../../node_modules/@radix-ui/react-dismissable-layer/dist/index.mjs"[39m
[90m│[39m  [33mwas ignored.[39m
[90m│[39m
[33m▲[39m  [43mVite[49m [33m../../node_modules/@radix-ui/react-portal/dist/index.mjs (1:0):[39m
[90m│[39m  [33mModule level directives cause errors when bundled, "use client" in[39m
[90m│[39m  [33m"../../node_modules/@radix-ui/react-portal/dist/index.mjs" was[39m
[90m│[39m  [33mignored.[39m
[90m│[39m
[33m▲[39m  [43mVite[49m [33m../../node_modules/@radix-ui/react-focus-guards/dist/index.mjs[39m
[90m│[39m  [33m(1:0): Module level directives cause errors when bundled, "use client"[39m
[90m│[39m  [33min "../../node_modules/@radix-ui/react-focus-guards/dist/index.mjs"[39m
[90m│[39m  [33mwas ignored.[39m
[90m│[39m
[33m▲[39m  [43mVite[49m [33m../../node_modules/@radix-ui/react-focus-scope/dist/index.mjs[39m
[90m│[39m  [33m(1:0): Module level directives cause errors when bundled, "use client"[39m
[90m│[39m  [33min "../../node_modules/@radix-ui/react-focus-scope/dist/index.mjs" was[39m
[90m│[39m  [33mignored.[39m
[90m│[39m
[33m▲[39m  [43mVite[49m [33m../../node_modules/@radix-ui/react-popper/dist/index.mjs (1:0):[39m
[90m│[39m  [33mModule level directives cause errors when bundled, "use client" in[39m
[90m│[39m  [33m"../../node_modules/@radix-ui/react-popper/dist/index.mjs" was[39m
[90m│[39m  [33mignored.[39m
[90m│[39m
[33m▲[39m  [43mVite[49m [33m../../node_modules/@radix-ui/react-roving-focus/dist/index.mjs[39m
[90m│[39m  [33m(1:0): Module level directives cause errors when bundled, "use client"[39m
[90m│[39m  [33min "../../node_modules/@radix-ui/react-roving-focus/dist/index.mjs"[39m
[90m│[39m  [33mwas ignored.[39m
[90m│[39m
[33m▲[39m  [43mVite[49m
[90m│[39m  [33m../../node_modules/framer-motion/dist/es/components/AnimatePresence/PopChild.mjs[39m
[90m│[39m  [33m(1:0): Module level directives cause errors when bundled, "use client"[39m
[90m│[39m  [33min[39m
[90m│[39m  [33m"../../node_modules/framer-motion/dist/es/components/AnimatePresence/PopChild.mjs"[39m
[90m│[39m  [33mwas ignored.[39m
[90m│[39m
[33m▲[39m  [43mVite[49m
[90m│[39m  [33m../../node_modules/framer-motion/dist/es/components/LayoutGroup/index.mjs[39m
[90m│[39m  [33m(1:0): Module level directives cause errors when bundled, "use client"[39m
[90m│[39m  [33min[39m
[90m│[39m  [33m"../../node_modules/framer-motion/dist/es/components/LayoutGroup/index.mjs"[39m
[90m│[39m  [33mwas ignored.[39m
[90m│[39m
[33m▲[39m  [43mVite[49m
[90m│[39m  [33m../../node_modules/framer-motion/dist/es/components/LazyMotion/index.mjs[39m
[90m│[39m  [33m(1:0): Module level directives cause errors when bundled, "use client"[39m
[90m│[39m  [33min[39m
[90m│[39m  [33m"../../node_modules/framer-motion/dist/es/components/LazyMotion/index.mjs"[39m
[90m│[39m  [33mwas ignored.[39m
[90m│[39m
[33m▲[39m  [43mVite[49m
[90m│[39m  [33m../../node_modules/framer-motion/dist/es/components/MotionConfig/index.mjs[39m
[90m│[39m  [33m(1:0): Module level directives cause errors when bundled, "use client"[39m
[90m│[39m  [33min[39m
[90m│[39m  [33m"../../node_modules/framer-motion/dist/es/components/MotionConfig/index.mjs"[39m
[90m│[39m  [33mwas ignored.[39m
[90m│[39m
[33m▲[39m  [43mVite[49m
[90m│[39m  [33m../../node_modules/framer-motion/dist/es/components/AnimatePresence/PresenceChild.mjs[39m
[90m│[39m  [33m(1:0): Module level directives cause errors when bundled, "use client"[39m
[90m│[39m  [33min[39m
[90m│[39m  [33m"../../node_modules/framer-motion/dist/es/components/AnimatePresence/PresenceChild.mjs"[39m
[90m│[39m  [33mwas ignored.[39m
[90m│[39m
[33m▲[39m  [43mVite[49m
[90m│[39m  [33m../../node_modules/framer-motion/dist/es/motion/utils/use-visual-state.mjs[39m
[90m│[39m  [33m(1:0): Module level directives cause errors when bundled, "use client"[39m
[90m│[39m  [33min[39m
[90m│[39m  [33m"../../node_modules/framer-motion/dist/es/motion/utils/use-visual-state.mjs"[39m
[90m│[39m  [33mwas ignored.[39m
[90m│[39m
[33m▲[39m  [43mVite[49m
[90m│[39m  [33m../../node_modules/framer-motion/dist/es/utils/use-force-update.mjs[39m
[90m│[39m  [33m(1:0): Module level directives cause errors when bundled, "use client"[39m
[90m│[39m  [33min[39m
[90m│[39m  [33m"../../node_modules/framer-motion/dist/es/utils/use-force-update.mjs"[39m
[90m│[39m  [33mwas ignored.[39m
[90m│[39m
[33m▲[39m  [43mVite[49m
[90m│[39m  [33m../../node_modules/framer-motion/dist/es/utils/use-isomorphic-effect.mjs[39m
[90m│[39m  [33m(1:0): Module level directives cause errors when bundled, "use client"[39m
[90m│[39m  [33min[39m
[90m│[39m  [33m"../../node_modules/framer-motion/dist/es/utils/use-isomorphic-effect.mjs"[39m
[90m│[39m  [33mwas ignored.[39m
[90m│[39m
[33m▲[39m  [43mVite[49m
[90m│[39m  [33m../../node_modules/framer-motion/dist/es/utils/use-unmount-effect.mjs[39m
[90m│[39m  [33m(1:0): Module level directives cause errors when bundled, "use client"[39m
[90m│[39m  [33min[39m
[90m│[39m  [33m"../../node_modules/framer-motion/dist/es/utils/use-unmount-effect.mjs"[39m
[90m│[39m  [33mwas ignored.[39m
[90m│[39m
[33m▲[39m  [43mVite[49m
[90m│[39m  [33m../../node_modules/framer-motion/dist/es/render/dom/features-animation.mjs[39m
[90m│[39m  [33m(1:0): Module level directives cause errors when bundled, "use client"[39m
[90m│[39m  [33min[39m
[90m│[39m  [33m"../../node_modules/framer-motion/dist/es/render/dom/features-animation.mjs"[39m
[90m│[39m  [33mwas ignored.[39m
[90m│[39m
[33m▲[39m  [43mVite[49m
[90m│[39m  [33m../../node_modules/framer-motion/dist/es/render/dom/features-max.mjs[39m
[90m│[39m  [33m(1:0): Module level directives cause errors when bundled, "use client"[39m
[90m│[39m  [33min[39m
[90m│[39m  [33m"../../node_modules/framer-motion/dist/es/render/dom/features-max.mjs"[39m
[90m│[39m  [33mwas ignored.[39m
[90m│[39m
[33m▲[39m  [43mVite[49m
[90m│[39m  [33m../../node_modules/framer-motion/dist/es/render/dom/features-min.mjs[39m
[90m│[39m  [33m(1:0): Module level directives cause errors when bundled, "use client"[39m
[90m│[39m  [33min[39m
[90m│[39m  [33m"../../node_modules/framer-motion/dist/es/render/dom/features-min.mjs"[39m
[90m│[39m  [33mwas ignored.[39m
[90m│[39m
[33m▲[39m  [43mVite[49m
[90m│[39m  [33m../../node_modules/framer-motion/dist/es/utils/use-motion-value-event.mjs[39m
[90m│[39m  [33m(1:0): Module level directives cause errors when bundled, "use client"[39m
[90m│[39m  [33min[39m
[90m│[39m  [33m"../../node_modules/framer-motion/dist/es/utils/use-motion-value-event.mjs"[39m
[90m│[39m  [33mwas ignored.[39m
[90m│[39m
[33m▲[39m  [43mVite[49m
[90m│[39m  [33m../../node_modules/framer-motion/dist/es/value/use-motion-template.mjs[39m
[90m│[39m  [33m(1:0): Module level directives cause errors when bundled, "use client"[39m
[90m│[39m  [33min[39m
[90m│[39m  [33m"../../node_modules/framer-motion/dist/es/value/use-motion-template.mjs"[39m
[90m│[39m  [33mwas ignored.[39m
[90m│[39m
[33m▲[39m  [43mVite[49m
[90m│[39m  [33m../../node_modules/framer-motion/dist/es/value/use-motion-value.mjs[39m
[90m│[39m  [33m(1:0): Module level directives cause errors when bundled, "use client"[39m
[90m│[39m  [33min[39m
[90m│[39m  [33m"../../node_modules/framer-motion/dist/es/value/use-motion-value.mjs"[39m
[90m│[39m  [33mwas ignored.[39m
[90m│[39m
[33m▲[39m  [43mVite[49m [33m../../node_modules/framer-motion/dist/es/value/use-scroll.mjs[39m
[90m│[39m  [33m(1:0): Module level directives cause errors when bundled, "use client"[39m
[90m│[39m  [33min "../../node_modules/framer-motion/dist/es/value/use-scroll.mjs" was[39m
[90m│[39m  [33mignored.[39m
[90m│[39m
[33m▲[39m  [43mVite[49m [33m../../node_modules/framer-motion/dist/es/value/use-spring.mjs[39m
[90m│[39m  [33m(1:0): Module level directives cause errors when bundled, "use client"[39m
[90m│[39m  [33min "../../node_modules/framer-motion/dist/es/value/use-spring.mjs" was[39m
[90m│[39m  [33mignored.[39m
[90m│[39m
[33m▲[39m  [43mVite[49m [33m../../node_modules/framer-motion/dist/es/value/use-time.mjs[39m
[90m│[39m  [33m(1:0): Module level directives cause errors when bundled, "use client"[39m
[90m│[39m  [33min "../../node_modules/framer-motion/dist/es/value/use-time.mjs" was[39m
[90m│[39m  [33mignored.[39m
[90m│[39m
[33m▲[39m  [43mVite[49m [33m../../node_modules/framer-motion/dist/es/value/use-transform.mjs[39m
[90m│[39m  [33m(1:0): Module level directives cause errors when bundled, "use client"[39m
[90m│[39m  [33min "../../node_modules/framer-motion/dist/es/value/use-transform.mjs"[39m
[90m│[39m  [33mwas ignored.[39m
[90m│[39m
[33m▲[39m  [43mVite[49m [33m../../node_modules/framer-motion/dist/es/value/use-velocity.mjs[39m
[90m│[39m  [33m(1:0): Module level directives cause errors when bundled, "use client"[39m
[90m│[39m  [33min "../../node_modules/framer-motion/dist/es/value/use-velocity.mjs"[39m
[90m│[39m  [33mwas ignored.[39m
[90m│[39m
[33m▲[39m  [43mVite[49m
[90m│[39m  [33m../../node_modules/framer-motion/dist/es/value/use-will-change/index.mjs[39m
[90m│[39m  [33m(1:0): Module level directives cause errors when bundled, "use client"[39m
[90m│[39m  [33min[39m
[90m│[39m  [33m"../../node_modules/framer-motion/dist/es/value/use-will-change/index.mjs"[39m
[90m│[39m  [33mwas ignored.[39m
[90m│[39m
[33m▲[39m  [43mVite[49m
[90m│[39m  [33m../../node_modules/framer-motion/dist/es/utils/reduced-motion/use-reduced-motion-config.mjs[39m
[90m│[39m  [33m(1:0): Module level directives cause errors when bundled, "use client"[39m
[90m│[39m  [33min[39m
[90m│[39m  [33m"../../node_modules/framer-motion/dist/es/utils/reduced-motion/use-reduced-motion-config.mjs"[39m
[90m│[39m  [33mwas ignored.[39m
[90m│[39m
[33m▲[39m  [43mVite[49m
[90m│[39m  [33m../../node_modules/framer-motion/dist/es/animation/hooks/use-animate.mjs[39m
[90m│[39m  [33m(1:0): Module level directives cause errors when bundled, "use client"[39m
[90m│[39m  [33min[39m
[90m│[39m  [33m"../../node_modules/framer-motion/dist/es/animation/hooks/use-animate.mjs"[39m
[90m│[39m  [33mwas ignored.[39m
[90m│[39m
[33m▲[39m  [43mVite[49m
[90m│[39m  [33m../../node_modules/framer-motion/dist/es/animation/hooks/use-animate-style.mjs[39m
[90m│[39m  [33m(1:0): Module level directives cause errors when bundled, "use client"[39m
[90m│[39m  [33min[39m
[90m│[39m  [33m"../../node_modules/framer-motion/dist/es/animation/hooks/use-animate-style.mjs"[39m
[90m│[39m  [33mwas ignored.[39m
[90m│[39m
[33m▲[39m  [43mVite[49m
[90m│[39m  [33m../../node_modules/framer-motion/dist/es/animation/hooks/use-animation.mjs[39m
[90m│[39m  [33m(1:0): Module level directives cause errors when bundled, "use client"[39m
[90m│[39m  [33min[39m
[90m│[39m  [33m"../../node_modules/framer-motion/dist/es/animation/hooks/use-animation.mjs"[39m
[90m│[39m  [33mwas ignored.[39m
[90m│[39m
[33m▲[39m  [43mVite[49m
[90m│[39m  [33m../../node_modules/framer-motion/dist/es/components/AnimatePresence/use-presence.mjs[39m
[90m│[39m  [33m(1:0): Module level directives cause errors when bundled, "use client"[39m
[90m│[39m  [33min[39m
[90m│[39m  [33m"../../node_modules/framer-motion/dist/es/components/AnimatePresence/use-presence.mjs"[39m
[90m│[39m  [33mwas ignored.[39m
[90m│[39m
[33m▲[39m  [43mVite[49m [33m../../node_modules/framer-motion/dist/es/events/use-dom-event.mjs[39m
[90m│[39m  [33m(1:0): Module level directives cause errors when bundled, "use client"[39m
[90m│[39m  [33min "../../node_modules/framer-motion/dist/es/events/use-dom-event.mjs"[39m
[90m│[39m  [33mwas ignored.[39m
[90m│[39m
[33m▲[39m  [43mVite[49m
[90m│[39m  [33m../../node_modules/framer-motion/dist/es/components/AnimatePresence/use-presence-data.mjs[39m
[90m│[39m  [33m(1:0): Module level directives cause errors when bundled, "use client"[39m
[90m│[39m  [33min[39m
[90m│[39m  [33m"../../node_modules/framer-motion/dist/es/components/AnimatePresence/use-presence-data.mjs"[39m
[90m│[39m  [33mwas ignored.[39m
[90m│[39m
[33m▲[39m  [43mVite[49m
[90m│[39m  [33m../../node_modules/framer-motion/dist/es/utils/use-animation-frame.mjs[39m
[90m│[39m  [33m(1:0): Module level directives cause errors when bundled, "use client"[39m
[90m│[39m  [33min[39m
[90m│[39m  [33m"../../node_modules/framer-motion/dist/es/utils/use-animation-frame.mjs"[39m
[90m│[39m  [33mwas ignored.[39m
[90m│[39m
[33m▲[39m  [43mVite[49m [33m../../node_modules/framer-motion/dist/es/utils/use-cycle.mjs[39m
[90m│[39m  [33m(1:0): Module level directives cause errors when bundled, "use client"[39m
[90m│[39m  [33min "../../node_modules/framer-motion/dist/es/utils/use-cycle.mjs" was[39m
[90m│[39m  [33mignored.[39m
[90m│[39m
[33m▲[39m  [43mVite[49m [33m../../node_modules/framer-motion/dist/es/utils/use-in-view.mjs[39m
[90m│[39m  [33m(1:0): Module level directives cause errors when bundled, "use client"[39m
[90m│[39m  [33min "../../node_modules/framer-motion/dist/es/utils/use-in-view.mjs"[39m
[90m│[39m  [33mwas ignored.[39m
[90m│[39m
[33m▲[39m  [43mVite[49m
[90m│[39m  [33m../../node_modules/framer-motion/dist/es/utils/use-instant-transition.mjs[39m
[90m│[39m  [33m(1:0): Module level directives cause errors when bundled, "use client"[39m
[90m│[39m  [33min[39m
[90m│[39m  [33m"../../node_modules/framer-motion/dist/es/utils/use-instant-transition.mjs"[39m
[90m│[39m  [33mwas ignored.[39m
[90m│[39m
[33m▲[39m  [43mVite[49m
[90m│[39m  [33m../../node_modules/framer-motion/dist/es/utils/use-page-in-view.mjs[39m
[90m│[39m  [33m(1:0): Module level directives cause errors when bundled, "use client"[39m
[90m│[39m  [33min[39m
[90m│[39m  [33m"../../node_modules/framer-motion/dist/es/utils/use-page-in-view.mjs"[39m
[90m│[39m  [33mwas ignored.[39m
[90m│[39m
[33m▲[39m  [43mVite[49m
[90m│[39m  [33m../../node_modules/framer-motion/dist/es/context/LayoutGroupContext.mjs[39m
[90m│[39m  [33m(1:0): Module level directives cause errors when bundled, "use client"[39m
[90m│[39m  [33min[39m
[90m│[39m  [33m"../../node_modules/framer-motion/dist/es/context/LayoutGroupContext.mjs"[39m
[90m│[39m  [33mwas ignored.[39m
[90m│[39m
[33m▲[39m  [43mVite[49m
[90m│[39m  [33m../../node_modules/framer-motion/dist/es/context/MotionConfigContext.mjs[39m
[90m│[39m  [33m(1:0): Module level directives cause errors when bundled, "use client"[39m
[90m│[39m  [33min[39m
[90m│[39m  [33m"../../node_modules/framer-motion/dist/es/context/MotionConfigContext.mjs"[39m
[90m│[39m  [33mwas ignored.[39m
[90m│[39m
[33m▲[39m  [43mVite[49m
[90m│[39m  [33m../../node_modules/framer-motion/dist/es/context/MotionContext/index.mjs[39m
[90m│[39m  [33m(1:0): Module level directives cause errors when bundled, "use client"[39m
[90m│[39m  [33min[39m
[90m│[39m  [33m"../../node_modules/framer-motion/dist/es/context/MotionContext/index.mjs"[39m
[90m│[39m  [33mwas ignored.[39m
[90m│[39m
[33m▲[39m  [43mVite[49m
[90m│[39m  [33m../../node_modules/framer-motion/dist/es/context/PresenceContext.mjs[39m
[90m│[39m  [33m(1:0): Module level directives cause errors when bundled, "use client"[39m
[90m│[39m  [33min[39m
[90m│[39m  [33m"../../node_modules/framer-motion/dist/es/context/PresenceContext.mjs"[39m
[90m│[39m  [33mwas ignored.[39m
[90m│[39m
[33m▲[39m  [43mVite[49m
[90m│[39m  [33m../../node_modules/framer-motion/dist/es/context/SwitchLayoutGroupContext.mjs[39m
[90m│[39m  [33m(1:0): Module level directives cause errors when bundled, "use client"[39m
[90m│[39m  [33min[39m
[90m│[39m  [33m"../../node_modules/framer-motion/dist/es/context/SwitchLayoutGroupContext.mjs"[39m
[90m│[39m  [33mwas ignored.[39m
[90m│[39m
[33m▲[39m  [43mVite[49m
[90m│[39m  [33m../../node_modules/framer-motion/dist/es/animation/hooks/use-animated-state.mjs[39m
[90m│[39m  [33m(1:0): Module level directives cause errors when bundled, "use client"[39m
[90m│[39m  [33min[39m
[90m│[39m  [33m"../../node_modules/framer-motion/dist/es/animation/hooks/use-animated-state.mjs"[39m
[90m│[39m  [33mwas ignored.[39m
[90m│[39m
[33m▲[39m  [43mVite[49m
[90m│[39m  [33m../../node_modules/framer-motion/dist/es/components/AnimateSharedLayout.mjs[39m
[90m│[39m  [33m(1:0): Module level directives cause errors when bundled, "use client"[39m
[90m│[39m  [33min[39m
[90m│[39m  [33m"../../node_modules/framer-motion/dist/es/components/AnimateSharedLayout.mjs"[39m
[90m│[39m  [33mwas ignored.[39m
[90m│[39m
[33m▲[39m  [43mVite[49m
[90m│[39m  [33m../../node_modules/framer-motion/dist/es/context/DeprecatedLayoutGroupContext.mjs[39m
[90m│[39m  [33m(1:0): Module level directives cause errors when bundled, "use client"[39m
[90m│[39m  [33min[39m
[90m│[39m  [33m"../../node_modules/framer-motion/dist/es/context/DeprecatedLayoutGroupContext.mjs"[39m
[90m│[39m  [33mwas ignored.[39m
[90m│[39m
[33m▲[39m  [43mVite[49m
[90m│[39m  [33m../../node_modules/framer-motion/dist/es/value/use-inverted-scale.mjs[39m
[90m│[39m  [33m(1:0): Module level directives cause errors when bundled, "use client"[39m
[90m│[39m  [33min[39m
[90m│[39m  [33m"../../node_modules/framer-motion/dist/es/value/use-inverted-scale.mjs"[39m
[90m│[39m  [33mwas ignored.[39m
[90m│[39m
[33m▲[39m  [43mVite[49m
[90m│[39m  [33m../../node_modules/framer-motion/dist/es/utils/reduced-motion/use-reduced-motion.mjs[39m
[90m│[39m  [33m(1:0): Module level directives cause errors when bundled, "use client"[39m
[90m│[39m  [33min[39m
[90m│[39m  [33m"../../node_modules/framer-motion/dist/es/utils/reduced-motion/use-reduced-motion.mjs"[39m
[90m│[39m  [33mwas ignored.[39m
[90m│[39m
[33m▲[39m  [43mVite[49m
[90m│[39m  [33m../../node_modules/framer-motion/dist/es/components/AnimatePresence/index.mjs[39m
[90m│[39m  [33m(1:0): Module level directives cause errors when bundled, "use client"[39m
[90m│[39m  [33min[39m
[90m│[39m  [33m"../../node_modules/framer-motion/dist/es/components/AnimatePresence/index.mjs"[39m
[90m│[39m  [33mwas ignored.[39m
[90m│[39m
[33m▲[39m  [43mVite[49m [33m../../node_modules/framer-motion/dist/es/context/LazyContext.mjs[39m
[90m│[39m  [33m(1:0): Module level directives cause errors when bundled, "use client"[39m
[90m│[39m  [33min "../../node_modules/framer-motion/dist/es/context/LazyContext.mjs"[39m
[90m│[39m  [33mwas ignored.[39m
[90m│[39m
[33m▲[39m  [43mVite[49m [33m../../node_modules/framer-motion/dist/es/utils/use-constant.mjs[39m
[90m│[39m  [33m(1:0): Module level directives cause errors when bundled, "use client"[39m
[90m│[39m  [33min "../../node_modules/framer-motion/dist/es/utils/use-constant.mjs"[39m
[90m│[39m  [33mwas ignored.[39m
[90m│[39m
[33m▲[39m  [43mVite[49m [33m../../node_modules/framer-motion/dist/es/utils/use-is-mounted.mjs[39m
[90m│[39m  [33m(1:0): Module level directives cause errors when bundled, "use client"[39m
[90m│[39m  [33min "../../node_modules/framer-motion/dist/es/utils/use-is-mounted.mjs"[39m
[90m│[39m  [33mwas ignored.[39m
[90m│[39m
[33m▲[39m  [43mVite[49m
[90m│[39m  [33m../../node_modules/framer-motion/dist/es/value/use-combine-values.mjs[39m
[90m│[39m  [33m(1:0): Module level directives cause errors when bundled, "use client"[39m
[90m│[39m  [33min[39m
[90m│[39m  [33m"../../node_modules/framer-motion/dist/es/value/use-combine-values.mjs"[39m
[90m│[39m  [33mwas ignored.[39m
[90m│[39m
[33m▲[39m  [43mVite[49m [33m../../node_modules/framer-motion/dist/es/value/use-computed.mjs[39m
[90m│[39m  [33m(1:0): Module level directives cause errors when bundled, "use client"[39m
[90m│[39m  [33min "../../node_modules/framer-motion/dist/es/value/use-computed.mjs"[39m
[90m│[39m  [33mwas ignored.[39m
[90m│[39m
[33m▲[39m  [43mVite[49m
[90m│[39m  [33m../../node_modules/framer-motion/dist/es/components/Reorder/Group.mjs[39m
[90m│[39m  [33m(1:0): Module level directives cause errors when bundled, "use client"[39m
[90m│[39m  [33min[39m
[90m│[39m  [33m"../../node_modules/framer-motion/dist/es/components/Reorder/Group.mjs"[39m
[90m│[39m  [33mwas ignored.[39m
[90m│[39m
[33m▲[39m  [43mVite[49m
[90m│[39m  [33m../../node_modules/framer-motion/dist/es/components/Reorder/Item.mjs[39m
[90m│[39m  [33m(1:0): Module level directives cause errors when bundled, "use client"[39m
[90m│[39m  [33min[39m
[90m│[39m  [33m"../../node_modules/framer-motion/dist/es/components/Reorder/Item.mjs"[39m
[90m│[39m  [33mwas ignored.[39m
[90m│[39m
[33m▲[39m  [43mVite[49m
[90m│[39m  [33m../../node_modules/framer-motion/dist/es/motion/features/layout/MeasureLayout.mjs[39m
[90m│[39m  [33m(1:0): Module level directives cause errors when bundled, "use client"[39m
[90m│[39m  [33min[39m
[90m│[39m  [33m"../../node_modules/framer-motion/dist/es/motion/features/layout/MeasureLayout.mjs"[39m
[90m│[39m  [33mwas ignored.[39m
[90m│[39m
[33m▲[39m  [43mVite[49m
[90m│[39m  [33m../../node_modules/framer-motion/dist/es/context/ReorderContext.mjs[39m
[90m│[39m  [33m(1:0): Module level directives cause errors when bundled, "use client"[39m
[90m│[39m  [33min[39m
[90m│[39m  [33m"../../node_modules/framer-motion/dist/es/context/ReorderContext.mjs"[39m
[90m│[39m  [33mwas ignored.[39m
[90m│[39m
[33m▲[39m  [43mVite[49m [33m../../node_modules/framer-motion/dist/es/motion/index.mjs (1:0):[39m
[90m│[39m  [33mModule level directives cause errors when bundled, "use client" in[39m
[90m│[39m  [33m"../../node_modules/framer-motion/dist/es/motion/index.mjs" was[39m
[90m│[39m  [33mignored.[39m
[90m│[39m
[33m▲[39m  [43mVite[49m
[90m│[39m  [33m../../node_modules/framer-motion/dist/es/context/MotionContext/create.mjs[39m
[90m│[39m  [33m(1:0): Module level directives cause errors when bundled, "use client"[39m
[90m│[39m  [33min[39m
[90m│[39m  [33m"../../node_modules/framer-motion/dist/es/context/MotionContext/create.mjs"[39m
[90m│[39m  [33mwas ignored.[39m
[90m│[39m
[33m▲[39m  [43mVite[49m
[90m│[39m  [33m../../node_modules/framer-motion/dist/es/render/svg/use-svg-visual-state.mjs[39m
[90m│[39m  [33m(1:0): Module level directives cause errors when bundled, "use client"[39m
[90m│[39m  [33min[39m
[90m│[39m  [33m"../../node_modules/framer-motion/dist/es/render/svg/use-svg-visual-state.mjs"[39m
[90m│[39m  [33mwas ignored.[39m
[90m│[39m
[33m▲[39m  [43mVite[49m
[90m│[39m  [33m../../node_modules/framer-motion/dist/es/render/dom/use-render.mjs[39m
[90m│[39m  [33m(1:0): Module level directives cause errors when bundled, "use client"[39m
[90m│[39m  [33min[39m
[90m│[39m  [33m"../../node_modules/framer-motion/dist/es/render/dom/use-render.mjs"[39m
[90m│[39m  [33mwas ignored.[39m
[90m│[39m
[33m▲[39m  [43mVite[49m
[90m│[39m  [33m../../node_modules/framer-motion/dist/es/render/html/use-html-visual-state.mjs[39m
[90m│[39m  [33m(1:0): Module level directives cause errors when bundled, "use client"[39m
[90m│[39m  [33min[39m
[90m│[39m  [33m"../../node_modules/framer-motion/dist/es/render/html/use-html-visual-state.mjs"[39m
[90m│[39m  [33mwas ignored.[39m
[90m│[39m
[33m▲[39m  [43mVite[49m
[90m│[39m  [33m../../node_modules/framer-motion/dist/es/motion/utils/use-motion-ref.mjs[39m
[90m│[39m  [33m(1:0): Module level directives cause errors when bundled, "use client"[39m
[90m│[39m  [33min[39m
[90m│[39m  [33m"../../node_modules/framer-motion/dist/es/motion/utils/use-motion-ref.mjs"[39m
[90m│[39m  [33mwas ignored.[39m
[90m│[39m
[33m▲[39m  [43mVite[49m
[90m│[39m  [33m../../node_modules/framer-motion/dist/es/motion/utils/use-visual-element.mjs[39m
[90m│[39m  [33m(1:0): Module level directives cause errors when bundled, "use client"[39m
[90m│[39m  [33min[39m
[90m│[39m  [33m"../../node_modules/framer-motion/dist/es/motion/utils/use-visual-element.mjs"[39m
[90m│[39m  [33mwas ignored.[39m
[90m│[39m
[33m▲[39m  [43mVite[49m [33m../../node_modules/framer-motion/dist/es/render/svg/use-props.mjs[39m
[90m│[39m  [33m(1:0): Module level directives cause errors when bundled, "use client"[39m
[90m│[39m  [33min "../../node_modules/framer-motion/dist/es/render/svg/use-props.mjs"[39m
[90m│[39m  [33mwas ignored.[39m
[90m│[39m
[33m▲[39m  [43mVite[49m
[90m│[39m  [33m../../node_modules/framer-motion/dist/es/render/html/use-props.mjs[39m
[90m│[39m  [33m(1:0): Module level directives cause errors when bundled, "use client"[39m
[90m│[39m  [33min[39m
[90m│[39m  [33m"../../node_modules/framer-motion/dist/es/render/html/use-props.mjs"[39m
[90m│[39m  [33mwas ignored.[39m
[90m│[39m  [43mVite[49m [32m✓[39m 2569 modules transformed.
[90m│[39m  [43mVite[49m rendering chunks...
[90m│[39m  [43mVite[49m computing gzip size...
[90m│[39m  [43mVite[49m
[90m│[39m  [2m../../../../../../../tmp/chromatic--531114-CJdWzCxvj91D/[22m[32miframe.html[39m[1m[2m[22m
[90m│[39m  [2m17.99 kB[22m[1m[22m[2m │ gzip:   5.09 kB[22m
[90m│[39m  [43mVite[49m
[90m│[39m  [2m../../../../../../../tmp/chromatic--531114-CJdWzCxvj91D/[22m[2massets/[22m[35miframe-BnpyXW_K.css[39m[1m[2m[22m
[90m│[39m  [2m254.47 kB[22m[1m[22m[2m │ gzip:  45.98 kB[22m
[90m│[39m  [43mVite[49m
[90m│[39m  [2m../../../../../../../tmp/chromatic--531114-CJdWzCxvj91D/[22m[2massets/[22m[36mjsx-runtime-SAnsoT7P.js[39m[1m[2m[22m
[90m│[39m  [2m0.07 kB[22m[1m[22m[2m │ gzip:   0.08 kB[22m
[90m│[39m  [43mVite[49m
[90m│[39m  [2m../../../../../../../tmp/chromatic--531114-CJdWzCxvj91D/[22m[2massets/[22m[36mindex-BYtYg24A.js[39m[1m[2m[22m
[90m│[39m  [2m0.09 kB[22m[1m[22m[2m │ gzip:   0.10 kB[22m
[90m│[39m  [43mVite[49m
[90m│[39m  [2m../../../../../../../tmp/chromatic--531114-CJdWzCxvj91D/[22m[2massets/[22m[36mindex-CvPc90M0.js[39m[1m[2m[22m
[90m│[39m  [2m0.23 kB[22m[1m[22m[2m │ gzip:   0.17 kB[22m
[90m│[39m  [43mVite[49m
[90m│[39m  [2m../../../../../../../tmp/chromatic--531114-CJdWzCxvj91D/[22m[2massets/[22m[36mskeleton-lK9ine3A.js[39m[1m[2m[22m
[90m│[39m  [2m0.27 kB[22m[1m[22m[2m │ gzip:   0.23 kB[22m
[90m│[39m  [43mVite[49m
[90m│[39m  [2m../../../../../../../tmp/chromatic--531114-CJdWzCxvj91D/[22m[2massets/[22m[36mformatter-QJ4M4OGQ-BgFYgFND.js[39m[1m[2m[22m
[90m│[39m  [2m0.32 kB[22m[1m[22m[2m │ gzip:   0.25 kB[22m
[90m│[39m  [43mVite[49m
[90m│[39m  [2m../../../../../../../tmp/chromatic--531114-CJdWzCxvj91D/[22m[2massets/[22m[36mindex-B5sdSDLN.js[39m[1m[2m[22m
[90m│[39m  [2m0.46 kB[22m[1m[22m[2m │ gzip:   0.30 kB[22m
[90m│[39m  [43mVite[49m
[90m│[39m  [2m../../../../../../../tmp/chromatic--531114-CJdWzCxvj91D/[22m[2massets/[22m[36mtextarea-ZRGZBucI.js[39m[1m[2m[22m
[90m│[39m  [2m0.48 kB[22m[1m[22m[2m │ gzip:   0.35 kB[22m
[90m│[39m  [43mVite[49m
[90m│[39m  [2m../../../../../../../tmp/chromatic--531114-CJdWzCxvj91D/[22m[2massets/[22m[36mindex-BArALEll.js[39m[1m[2m[22m
[90m│[39m  [2m0.55 kB[22m[1m[22m[2m │ gzip:   0.35 kB[22m
[90m│[39m  [43mVite[49m
[90m│[39m  [2m../../../../../../../tmp/chromatic--531114-CJdWzCxvj91D/[22m[2massets/[22m[36mindex-jxYAQift.js[39m[1m[2m[22m
[90m│[39m  [2m0.80 kB[22m[1m[22m[2m │ gzip:   0.44 kB[22m
[90m│[39m  [43mVite[49m
[90m│[39m  [2m../../../../../../../tmp/chromatic--531114-CJdWzCxvj91D/[22m[2massets/[22m[36mpreload-helper-Dp1pzeXC.js[39m[1m[2m[22m
[90m│[39m  [2m1.27 kB[22m[1m[22m[2m │ gzip:   0.73 kB[22m
[90m│[39m  [43mVite[49m
[90m│[39m  [2m../../../../../../../tmp/chromatic--531114-CJdWzCxvj91D/[22m[2massets/[22m[36mautosize-textarea-DzlaITbl.js[39m[1m[2m[22m
[90m│[39m  [2m1.34 kB[22m[1m[22m[2m │ gzip:   0.75 kB[22m
[90m│[39m  [43mVite[49m
[90m│[39m  [2m../../../../../../../tmp/chromatic--531114-CJdWzCxvj91D/[22m[2massets/[22m[36mchevron-right-B8nvL1_e.js[39m[1m[2m[22m
[90m│[39m  [2m1.68 kB[22m[1m[22m[2m │ gzip:   0.88 kB[22m
[90m│[39m  [43mVite[49m
[90m│[39m  [2m../../../../../../../tmp/chromatic--531114-CJdWzCxvj91D/[22m[2massets/[22m[36mcreateLucideIcon-DnBqabEy.js[39m[1m[2m[22m
[90m│[39m  [2m1.74 kB[22m[1m[22m[2m │ gzip:   0.73 kB[22m
[90m│[39m  [43mVite[49m
[90m│[39m  [2m../../../../../../../tmp/chromatic--531114-CJdWzCxvj91D/[22m[2massets/[22m[36mtextarea.stories-d6eIz7k8.js[39m[1m[2m[22m
[90m│[39m  [2m1.98 kB[22m[1m[22m[2m │ gzip:   0.74 kB[22m
[90m│[39m  [43mVite[49m
[90m│[39m  [2m../../../../../../../tmp/chromatic--531114-CJdWzCxvj91D/[22m[2massets/[22m[36mindex-DHkZnQWv.js[39m[1m[2m[22m
[90m│[39m  [2m2.01 kB[22m[1m[22m[2m │ gzip:   0.94 kB[22m
[90m│[39m  [43mVite[49m
[90m│[39m  [2m../../../../../../../tmp/chromatic--531114-CJdWzCxvj91D/[22m[2massets/[22m[36mindex-CQCbKS5l.js[39m[1m[2m[22m
[90m│[39m  [2m2.17 kB[22m[1m[22m[2m │ gzip:   0.96 kB[22m
[90m│[39m  [43mVite[49m
[90m│[39m  [2m../../../../../../../tmp/chromatic--531114-CJdWzCxvj91D/[22m[2massets/[22m[36mskeleton.stories-CIbVd_IO.js[39m[1m[2m[22m
[90m│[39m  [2m2.37 kB[22m[1m[22m[2m │ gzip:   0.79 kB[22m
[90m│[39m  [43mVite[49m
[90m│[39m  [2m../../../../../../../tmp/chromatic--531114-CJdWzCxvj91D/[22m[2massets/[22m[36mstep-card.stories-D7vctjVz.js[39m[1m[2m[22m
[90m│[39m  [2m2.43 kB[22m[1m[22m[2m │ gzip:   1.07 kB[22m
[90m│[39m  [43mVite[49m
[90m│[39m  [2m../../../../../../../tmp/chromatic--531114-CJdWzCxvj91D/[22m[2massets/[22m[36mswitch.stories-rHzfR0fg.js[39m[1m[2m[22m
[90m│[39m  [2m2.48 kB[22m[1m[22m[2m │ gzip:   0.80 kB[22m
[90m│[39m  [43mVite[49m
[90m│[39m  [2m../../../../../../../tmp/chromatic--531114-CJdWzCxvj91D/[22m[2massets/[22m[36mautosize-textarea.stories-DYqFxatF.js[39m[1m[2m[22m
[90m│[39m  [2m2.69 kB[22m[1m[22m[2m │ gzip:   0.92 kB[22m
[90m│[39m  [43mVite[49m
[90m│[39m  [2m../../../../../../../tmp/chromatic--531114-CJdWzCxvj91D/[22m[2massets/[22m[36minput.stories-y9BzShFn.js[39m[1m[2m[22m
[90m│[39m  [2m2.85 kB[22m[1m[22m[2m │ gzip:   1.16 kB[22m
[90m│[39m  [43mVite[49m
[90m│[39m  [2m../../../../../../../tmp/chromatic--531114-CJdWzCxvj91D/[22m[2massets/[22m[36memail-input-to-chips.stories-PHTKdKYx.js[39m[1m[2m[22m
[90m│[39m  [2m2.86 kB[22m[1m[22m[2m │ gzip:   1.11 kB[22m
[90m│[39m  [43mVite[49m
[90m│[39m  [2m../../../../../../../tmp/chromatic--531114-CJdWzCxvj91D/[22m[2massets/[22m[36mlabel.stories-C455mCzx.js[39m[1m[2m[22m
[90m│[39m  [2m2.89 kB[22m[1m[22m[2m │ gzip:   1.03 kB[22m
[90m│[39m  [43mVite[49m
[90m│[39m  [2m../../../../../../../tmp/chromatic--531114-CJdWzCxvj91D/[22m[2massets/[22m[36mcheckbox.stories-W7XAFcsv.js[39m[1m[2m[22m
[90m│[39m  [2m2.92 kB[22m[1m[22m[2m │ gzip:   1.18 kB[22m
[90m│[39m  [43mVite[49m
[90m│[39m  [2m../../../../../../../tmp/chromatic--531114-CJdWzCxvj91D/[22m[2massets/[22m[36mlabel-BY2f2TfU.js[39m[1m[2m[22m
[90m│[39m  [2m2.99 kB[22m[1m[22m[2m │ gzip:   1.34 kB[22m
[90m│[39m  [43mVite[49m
[90m│[39m  [2m../../../../../../../tmp/chromatic--531114-CJdWzCxvj91D/[22m[2massets/[22m[36mattribute.stories-Dgtod8Bw.js[39m[1m[2m[22m
[90m│[39m  [2m3.07 kB[22m[1m[22m[2m │ gzip:   1.22 kB[22m
[90m│[39m  [43mVite[49m
[90m│[39m  [2m../../../../../../../tmp/chromatic--531114-CJdWzCxvj91D/[22m[2massets/[22m[36mswitch-ofqhctU8.js[39m[1m[2m[22m
[90m│[39m  [2m3.12 kB[22m[1m[22m[2m │ gzip:   1.49 kB[22m
[90m│[39m  [43mVite[49m
[90m│[39m  [2m../../../../../../../tmp/chromatic--531114-CJdWzCxvj91D/[22m[2massets/[22m[36mindex-DP-JXG1a.js[39m[1m[2m[22m
[90m│[39m  [2m3.17 kB[22m[1m[22m[2m │ gzip:   1.49 kB[22m
[90m│[39m  [43mVite[49m
[90m│[39m  [2m../../../../../../../tmp/chromatic--531114-CJdWzCxvj91D/[22m[2massets/[22m[36mcombobox.stories-Cd5wVaKB.js[39m[1m[2m[22m
[90m│[39m  [2m3.27 kB[22m[1m[22m[2m │ gzip:   1.22 kB[22m
[90m│[39m  [43mVite[49m
[90m│[39m  [2m../../../../../../../tmp/chromatic--531114-CJdWzCxvj91D/[22m[2massets/[22m[36mselect-button.stories-B3kSefQH.js[39m[1m[2m[22m
[90m│[39m  [2m3.54 kB[22m[1m[22m[2m │ gzip:   1.22 kB[22m
[90m│[39m  [43mVite[49m
[90m│[39m  [2m../../../../../../../tmp/chromatic--531114-CJdWzCxvj91D/[22m[2massets/[22m[36mlist-card.stories-iFPL5iVy.js[39m[1m[2m[22m
[90m│[39m  [2m3.76 kB[22m[1m[22m[2m │ gzip:   1.48 kB[22m
[90m│[39m  [43mVite[49m
[90m│[39m  [2m../../../../../../../tmp/chromatic--531114-CJdWzCxvj91D/[22m[2massets/[22m[36mtoast.stories-A-yx587l.js[39m[1m[2m[22m
[90m│[39m  [2m3.82 kB[22m[1m[22m[2m │ gzip:   1.24 kB[22m
[90m│[39m  [43mVite[49m
[90m│[39m  [2m../../../../../../../tmp/chromatic--531114-CJdWzCxvj91D/[22m[2massets/[22m[36mdialog-CcpiyPbN.js[39m[1m[2m[22m
[90m│[39m  [2m3.89 kB[22m[1m[22m[2m │ gzip:   1.35 kB[22m
[90m│[39m  [43mVite[49m
[90m│[39m  [2m../../../../../../../tmp/chromatic--531114-CJdWzCxvj91D/[22m[2massets/[22m[36mradio.stories-CNvcZ2w7.js[39m[1m[2m[22m
[90m│[39m  [2m3.90 kB[22m[1m[22m[2m │ gzip:   1.30 kB[22m
[90m│[39m  [43mVite[49m
[90m│[39m  [2m../../../../../../../tmp/chromatic--531114-CJdWzCxvj91D/[22m[2massets/[22m[36marrow-down.stories-CwUJwla1.js[39m[1m[2m[22m
[90m│[39m  [2m3.91 kB[22m[1m[22m[2m │ gzip:   1.17 kB[22m
[90m│[39m  [43mVite[49m
[90m│[39m  [2m../../../../../../../tmp/chromatic--531114-CJdWzCxvj91D/[22m[2massets/[22m[36mtabs.stories-B7mOjb73.js[39m[1m[2m[22m
[90m│[39m  [2m4.22 kB[22m[1m[22m[2m │ gzip:   1.42 kB[22m
[90m│[39m  [43mVite[49m
[90m│[39m  [2m../../../../../../../tmp/chromatic--531114-CJdWzCxvj91D/[22m[2massets/[22m[36msheet-DlRp4j4A.js[39m[1m[2m[22m
[90m│[39m  [2m4.36 kB[22m[1m[22m[2m │ gzip:   1.49 kB[22m
[90m│[39m  [43mVite[49m
[90m│[39m  [2m../../../../../../../tmp/chromatic--531114-CJdWzCxvj91D/[22m[2massets/[22m[36mcombobox-Or_io2Eh.js[39m[1m[2m[22m
[90m│[39m  [2m4.38 kB[22m[1m[22m[2m │ gzip:   1.80 kB[22m
[90m│[39m  [43mVite[49m
[90m│[39m  [2m../../../../../../../tmp/chromatic--531114-CJdWzCxvj91D/[22m[2massets/[22m[36mcheckbox-DXZSM-lj.js[39m[1m[2m[22m
[90m│[39m  [2m4.41 kB[22m[1m[22m[2m │ gzip:   2.00 kB[22m
[90m│[39m  [43mVite[49m
[90m│[39m  [2m../../../../../../../tmp/chromatic--531114-CJdWzCxvj91D/[22m[2massets/[22m[36maccordion.stories-C5EYfiVf.js[39m[1m[2m[22m
[90m│[39m  [2m4.43 kB[22m[1m[22m[2m │ gzip:   1.23 kB[22m
[90m│[39m  [43mVite[49m
[90m│[39m  [2m../../../../../../../tmp/chromatic--531114-CJdWzCxvj91D/[22m[2massets/[22m[36mpopover.stories-BEPqlkxd.js[39m[1m[2m[22m
[90m│[39m  [2m4.46 kB[22m[1m[22m[2m │ gzip:   1.13 kB[22m
[90m│[39m  [43mVite[49m
[90m│[39m  [2m../../../../../../../tmp/chromatic--531114-CJdWzCxvj91D/[22m[2massets/[22m[36mselect.stories-99bzHrYc.js[39m[1m[2m[22m
[90m│[39m  [2m4.50 kB[22m[1m[22m[2m │ gzip:   1.45 kB[22m
[90m│[39m  [43mVite[49m
[90m│[39m  [2m../../../../../../../tmp/chromatic--531114-CJdWzCxvj91D/[22m[2massets/[22m[36mindex-B3n3D8l-.js[39m[1m[2m[22m
[90m│[39m  [2m4.50 kB[22m[1m[22m[2m │ gzip:   1.67 kB[22m
[90m│[39m  [43mVite[49m
[90m│[39m  [2m../../../../../../../tmp/chromatic--531114-CJdWzCxvj91D/[22m[2massets/[22m[36mcommand.stories-xO2CVgFV.js[39m[1m[2m[22m
[90m│[39m  [2m4.58 kB[22m[1m[22m[2m │ gzip:   1.14 kB[22m
[90m│[39m  [43mVite[49m
[90m│[39m  [2m../../../../../../../tmp/chromatic--531114-CJdWzCxvj91D/[22m[2massets/[22m[36mbutton-Cr8Kf0_S.js[39m[1m[2m[22m
[90m│[39m  [2m4.60 kB[22m[1m[22m[2m │ gzip:   1.95 kB[22m
[90m│[39m  [43mVite[49m
[90m│[39m  [2m../../../../../../../tmp/chromatic--531114-CJdWzCxvj91D/[22m[2massets/[22m[36mbutton.stories-ZHZxD4W8.js[39m[1m[2m[22m
[90m│[39m  [2m4.63 kB[22m[1m[22m[2m │ gzip:   1.53 kB[22m
[90m│[39m  [43mVite[49m
[90m│[39m  [2m../../../../../../../tmp/chromatic--531114-CJdWzCxvj91D/[22m[2massets/[22m[36mtags.stories-rMSDZ0Zu.js[39m[1m[2m[22m
[90m│[39m  [2m4.73 kB[22m[1m[22m[2m │ gzip:   1.51 kB[22m
[90m│[39m  [43mVite[49m
[90m│[39m  [2m../../../../../../../tmp/chromatic--531114-CJdWzCxvj91D/[22m[2massets/[22m[36mdropdown-menu.stories-OZkOjbRy.js[39m[1m[2m[22m
[90m│[39m  [2m5.17 kB[22m[1m[22m[2m │ gzip:   1.35 kB[22m
[90m│[39m  [43mVite[49m
[90m│[39m  [2m../../../../../../../tmp/chromatic--531114-CJdWzCxvj91D/[22m[2massets/[22m[36msheet.stories-De2cYXw_.js[39m[1m[2m[22m
[90m│[39m  [2m5.36 kB[22m[1m[22m[2m │ gzip:   1.32 kB[22m
[90m│[39m  [43mVite[49m
[90m│[39m  [2m../../../../../../../tmp/chromatic--531114-CJdWzCxvj91D/[22m[2massets/[22m[36mindex-ZkPHV27s.js[39m[1m[2m[22m
[90m│[39m  [2m5.74 kB[22m[1m[22m[2m │ gzip:   2.26 kB[22m
[90m│[39m  [43mVite[49m
[90m│[39m  [2m../../../../../../../tmp/chromatic--531114-CJdWzCxvj91D/[22m[2massets/[22m[36mdialog.stories-BOBMRZ-I.js[39m[1m[2m[22m
[90m│[39m  [2m5.87 kB[22m[1m[22m[2m │ gzip:   1.39 kB[22m
[90m│[39m  [43mVite[49m
[90m│[39m  [2m../../../../../../../tmp/chromatic--531114-CJdWzCxvj91D/[22m[2massets/[22m[36mresizable.stories-B7ecuNLD.js[39m[1m[2m[22m
[90m│[39m  [2m6.16 kB[22m[1m[22m[2m │ gzip:   1.03 kB[22m
[90m│[39m  [43mVite[49m
[90m│[39m  [2m../../../../../../../tmp/chromatic--531114-CJdWzCxvj91D/[22m[2massets/[22m[36mtooltip.stories-BGHQ22Kh.js[39m[1m[2m[22m
[90m│[39m  [2m6.32 kB[22m[1m[22m[2m │ gzip:   1.64 kB[22m
[90m│[39m  [43mVite[49m
[90m│[39m  [2m../../../../../../../tmp/chromatic--531114-CJdWzCxvj91D/[22m[2massets/[22m[36mpopover-BhxZzKVk.js[39m[1m[2m[22m
[90m│[39m  [2m6.61 kB[22m[1m[22m[2m │ gzip:   2.31 kB[22m
[90m│[39m  [43mVite[49m
[90m│[39m  [2m../../../../../../../tmp/chromatic--531114-CJdWzCxvj91D/[22m[2massets/[22m[36maccordion-D8wEHxxc.js[39m[1m[2m[22m
[90m│[39m  [2m7.98 kB[22m[1m[22m[2m │ gzip:   2.92 kB[22m
[90m│[39m  [43mVite[49m
[90m│[39m  [2m../../../../../../../tmp/chromatic--531114-CJdWzCxvj91D/[22m[2massets/[22m[36mtooltip-BHStSoxh.js[39m[1m[2m[22m
[90m│[39m  [2m8.80 kB[22m[1m[22m[2m │ gzip:   3.31 kB[22m
[90m│[39m  [43mVite[49m
[90m│[39m  [2m../../../../../../../tmp/chromatic--531114-CJdWzCxvj91D/[22m[2massets/[22m[36mcommand-DMgHM63S.js[39m[1m[2m[22m
[90m│[39m  [2m14.33 kB[22m[1m[22m[2m │ gzip:   5.38 kB[22m
[90m│[39m  [43mVite[49m
[90m│[39m  [2m../../../../../../../tmp/chromatic--531114-CJdWzCxvj91D/[22m[2massets/[22m[36mindex-kn2sisaU.js[39m[1m[2m[22m
[90m│[39m  [2m16.63 kB[22m[1m[22m[2m │ gzip:   6.30 kB[22m
[90m│[39m  [43mVite[49m
[90m│[39m  [2m../../../../../../../tmp/chromatic--531114-CJdWzCxvj91D/[22m[2massets/[22m[36mindex-C0TxyvmW.js[39m[1m[2m[22m
[90m│[39m  [2m20.30 kB[22m[1m[22m[2m │ gzip:   6.84 kB[22m
[90m│[39m  [43mVite[49m
[90m│[39m  [2m../../../../../../../tmp/chromatic--531114-CJdWzCxvj91D/[22m[2massets/[22m[36mdropdown-menu-BLsjZXVr.js[39m[1m[2m[22m
[90m│[39m  [2m25.84 kB[22m[1m[22m[2m │ gzip:   7.82 kB[22m
[90m│[39m  [43mVite[49m
[90m│[39m  [2m../../../../../../../tmp/chromatic--531114-CJdWzCxvj91D/[22m[2massets/[22m[36mindex-paKtpnqt.js[39m[1m[2m[22m
[90m│[39m  [2m27.28 kB[22m[1m[22m[2m │ gzip:  10.52 kB[22m
[90m│[39m  [43mVite[49m
[90m│[39m  [2m../../../../../../../tmp/chromatic--531114-CJdWzCxvj91D/[22m[2massets/[22m[36mresizable-D2aCYEM_.js[39m[1m[2m[22m
[90m│[39m  [2m28.05 kB[22m[1m[22m[2m │ gzip:   9.85 kB[22m
[90m│[39m  [43mVite[49m
[90m│[39m  [2m../../../../../../../tmp/chromatic--531114-CJdWzCxvj91D/[22m[36mvite-inject-mocker-entry.js[39m[1m[2m[22m
[90m│[39m  [2m29.18 kB[22m[1m[22m[2m │ gzip:  10.13 kB[22m
[90m│[39m  [43mVite[49m
[90m│[39m  [2m../../../../../../../tmp/chromatic--531114-CJdWzCxvj91D/[22m[2massets/[22m[36mmatchers-DMFSMG2O-CAdg16Fl.js[39m[1m[2m[22m
[90m│[39m  [2m29.38 kB[22m[1m[22m[2m │ gzip:  10.06 kB[22m
[90m│[39m  [43mVite[49m
[90m│[39m  [2m../../../../../../../tmp/chromatic--531114-CJdWzCxvj91D/[22m[2massets/[22m[36mColor-ASIRERSW-f4Sq6K6v.js[39m[1m[2m[22m
[90m│[39m  [2m30.23 kB[22m[1m[22m[2m │ gzip:  11.45 kB[22m
[90m│[39m  [43mVite[49m
[90m│[39m  [2m../../../../../../../tmp/chromatic--531114-CJdWzCxvj91D/[22m[2massets/[22m[36mWithTooltip-IO6J4KBT-pMhgajF4.js[39m[1m[2m[22m
[90m│[39m  [2m33.24 kB[22m[1m[22m[2m │ gzip:  11.69 kB[22m
[90m│[39m  [43mVite[49m
[90m│[39m  [2m../../../../../../../tmp/chromatic--531114-CJdWzCxvj91D/[22m[2massets/[22m[36mselect-button-Bv_Hcdql.js[39m[1m[2m[22m
[90m│[39m  [2m38.77 kB[22m[1m[22m[2m │ gzip:  10.55 kB[22m
[90m│[39m  [43mVite[49m
[90m│[39m  [2m../../../../../../../tmp/chromatic--531114-CJdWzCxvj91D/[22m[2massets/[22m[36mtoast-24Bq9p4b.js[39m[1m[2m[22m
[90m│[39m  [2m53.13 kB[22m[1m[22m[2m │ gzip:  15.52 kB[22m
[90m│[39m  [43mVite[49m
[90m│[39m  [2m../../../../../../../tmp/chromatic--531114-CJdWzCxvj91D/[22m[2massets/[22m[36msyntaxhighlighter-IQDEPFLK-qgMcM9Fj.js[39m[1m[2m[22m
[90m│[39m  [2m77.98 kB[22m[1m[22m[2m │ gzip:  27.36 kB[22m
[90m│[39m  [43mVite[49m
[90m│[39m  [2m../../../../../../../tmp/chromatic--531114-CJdWzCxvj91D/[22m[2massets/[22m[36marrow-down-CdUkADHy.js[39m[1m[2m[22m
[90m│[39m  [2m115.64 kB[22m[1m[22m[2m │ gzip:  38.27 kB[22m
[90m│[39m  [43mVite[49m
[90m│[39m  [2m../../../../../../../tmp/chromatic--531114-CJdWzCxvj91D/[22m[2massets/[22m[36mreact-18-Dq24soyP.js[39m[1m[2m[22m
[90m│[39m  [2m179.93 kB[22m[1m[22m[2m │ gzip:  56.48 kB[22m
[90m│[39m  [43mVite[49m
[90m│[39m  [2m../../../../../../../tmp/chromatic--531114-CJdWzCxvj91D/[22m[2massets/[22m[36maxe-DD1Vd2kr.js[39m[1m[33m[39m
[90m│[39m  [33m572.60 kB[39m[22m[2m │ gzip: 158.08 kB[22m
[90m│[39m  [43mVite[49m
[90m│[39m  [2m../../../../../../../tmp/chromatic--531114-CJdWzCxvj91D/[22m[2massets/[22m[36mDocsRenderer-GHJI37HO-Cwkhgq8D.js[39m[1m[33m[39m
[90m│[39m  [33m811.06 kB[39m[22m[2m │ gzip: 259.24 kB[22m
[90m│[39m  [43mVite[49m
[90m│[39m  [2m../../../../../../../tmp/chromatic--531114-CJdWzCxvj91D/[22m[2massets/[22m[36miframe-koVqZQWo.js[39m
[90m│[39m  [36m[39m[1m[33m1,258.58 kB[39m[22m[2m │ gzip: 357.91 kB[22m
[90m│[39m
[33m▲[39m  [43mVite[49m[33m
[90m│[39m  (!) Some chunks are larger than 500 kB after minification. Consider:
[90m│[39m  - Using dynamic import() to code-split the application
[90m│[39m  - Use build.rollupOptions.output.manualChunks to improve chunking:
[90m│[39m  ]8;;https://rollupjs.org/configuration-options/#output-manualchunkshttps://rollupjs.org/configuration-options/#output-manualchunks]8;;
[90m│[39m  - Adjust chunk size limit for this warning via
[90m│[39m  build.chunkSizeWarningLimit.[39m
[90m│[39m  [43mVite[49m [32m✓ built in 10.62s[39m
[90m│[39m
[32m◇[39m  Output directory: /tmp/chromatic--531114-CJdWzCxvj91D
[90m│[39m
[90m└[39m  Storybook build completed successfully

